// Jest Snapshot v1, https://goo.gl/fbAQLP

exports[`Pruebas en el Home View debe de renderizar el componente correctamente 1`] = `<div class="home"><img alt="Vue logo" src=""></div><button class="btn btn-primary"> boton</button>`;
